// Jest Snapshot v1, https://goo.gl/fbAQLP

exports[`flatto should add custom seperator 1`] = `
Object {
  "key1~keyA": "valueI",
  "key2~keyB": "valueII",
  "key3~a~b~c": 2,
  "key4": Array [],
  "key5~a~0": "value1",
  "key5~a~1": "value2",
  "key5~a~2~key1~keyA": "valueI",
  "key5~a~2~key1~keyB~0": 1,
  "key5~a~2~key1~keyB~1": 2,
  "key5~a~2~key1~keyB~2": 3,
  "key5~a~2~key1~keyB~3": 4,
  "key5~b": null,
  "key5~c": undefined,
  "key6": Object {},
}
`;

exports[`flatto should flatten correctly 1`] = `
Object {
  "key1.keyA": "valueI",
  "key2.keyB": "valueII",
  "key3.a.b.c": 2,
  "key4": Array [],
  "key5.a.0": "value1",
  "key5.a.1": "value2",
  "key5.a.2.key1.keyA": "valueI",
  "key5.a.2.key1.keyB.0": 1,
  "key5.a.2.key1.keyB.1": 2,
  "key5.a.2.key1.keyB.2": 3,
  "key5.a.2.key1.keyB.3": 4,
  "key5.b": null,
  "key5.c": undefined,
  "key6": Object {},
}
`;
